<html><head><title>Test Image sizes</title></head><body>

<img src="test.gif" alt="test" width="320" height="256">
<img src="test.png" alt="test" width="320" height="256">
<img src="test.jfif" alt="test" width="320" height="256">

<img src="test_eof.gif" alt="test" width="56" height="46">

<img src="test.ilbm" alt="test"> 
</body></html>
